[dotenv@17.2.2] injecting env (28) from .env -- tip: ⚙️  override existing env vars with { override: true }
MongoDB connection error: bad auth : authentication failed
Failed to connect to DB: MongoServerError: bad auth : authentication failed
    at Connection.sendCommand (/home/abhinavgomra/project/Medi_Care-main/Medicare/backend/node_modules/mongodb/lib/cmap/connection.js:305:27)
    at process.processTicksAndRejections (node:internal/process/task_queues:103:5)
    at async Connection.command (/home/abhinavgomra/project/Medi_Care-main/Medicare/backend/node_modules/mongodb/lib/cmap/connection.js:333:26)
    at async continueScramConversation (/home/abhinavgomra/project/Medi_Care-main/Medicare/backend/node_modules/mongodb/lib/cmap/auth/scram.js:131:15)
    at async executeScram (/home/abhinavgomra/project/Medi_Care-main/Medicare/backend/node_modules/mongodb/lib/cmap/auth/scram.js:80:5)
    at async ScramSHA1.auth (/home/abhinavgomra/project/Medi_Care-main/Medicare/backend/node_modules/mongodb/lib/cmap/auth/scram.js:39:16)
    at async performInitialHandshake (/home/abhinavgomra/project/Medi_Care-main/Medicare/backend/node_modules/mongodb/lib/cmap/connect.js:104:13)
    at async connect (/home/abhinavgomra/project/Medi_Care-main/Medicare/backend/node_modules/mongodb/lib/cmap/connect.js:24:9) {
  errorLabelSet: Set(2) { 'HandshakeError', 'ResetPool' },
  errorResponse: {
    ok: 0,
    errmsg: 'bad auth : authentication failed',
    code: 8000,
    codeName: 'AtlasError'
  },
  ok: 0,
  code: 8000,
  codeName: 'AtlasError',
  connectionGeneration: 0
}
